
MariaDB [dbpos_sib6]> SELECT * FROM produk ORDER BY harga_beli DESC LIMIT 2;
+----+------+-----------------+------------+------------+------+----------+------+-----------+-----------------+
| id | kode | nama            | harga_beli | harga_jual | stok | min_stok | foto | deskripsi | jenis_produk_id |
+----+------+-----------------+------------+------------+------+----------+------+-----------+-----------------+
| 11 | L005 | Laptop Lenovo   |   13000000 |   16000000 |    5 |        2 |      | NULL      |               1 |
|  9 | LN01 | Notebook Lenovo |    9000000 |   12480000 |    9 |        2 | NULL | NULL      |               5 |
+----+------+-----------------+------------+------------+------+----------+------+-----------+-----------------+
2 rows in set (0.001 sec)

MariaDB [dbpos_sib6]> SELECT * FROM produk ORDER BY harga_beli ASC LIMIT 1;
+----+------+-----------+------------+------------+------+----------+------------+-----------+-----------------+
| id | kode | nama      | harga_beli | harga_jual | stok | min_stok | foto       | deskripsi | jenis_produk_id |
+----+------+-----------+------------+------------+------+----------+------------+-----------+-----------------+
|  7 | TB01 | Teh Botol |       2000 |       2500 |   53 |       10 | foto-7.jpg | NULL      |               4 |
+----+------+-----------+------------+------------+------+----------+------------+-----------+-----------------+
1 row in set (0.000 sec)

MariaDB [dbpos_sib6]> SELECT * FROM produk ORDER BY stok DESC LIMIT 1;
+----+------+-----------+------------+------------+------+----------+------------+-----------+-----------------+
| id | kode | nama      | harga_beli | harga_jual | stok | min_stok | foto       | deskripsi | jenis_produk_id |
+----+------+-----------+------------+------------+------+----------+------------+-----------+-----------------+
|  7 | TB01 | Teh Botol |       2000 |       2500 |   53 |       10 | foto-7.jpg | NULL      |               4 |
+----+------+-----------+------------+------------+------+----------+------------+-----------+-----------------+
1 row in set (0.000 sec)

MariaDB [dbpos_sib6]> SELECT * FROM produk ORDER BY stok ASC LIMIT 2;
+----+------+------------------+------------+------------+------+----------+------+-----------+-----------------+
| id | kode | nama             | harga_beli | harga_jual | stok | min_stok | foto | deskripsi | jenis_produk_id |
+----+------+------------------+------------+------------+------+----------+------+-----------+-----------------+
|  2 | TV02 | Televisi 40 inch |    5500000 |    7440000 |    4 |        2 | NULL | NULL      |               1 |
|  4 | M001 | Meja Makan       |     500000 |     600000 |    4 |        3 | NULL | NULL      |               2 |
+----+------+------------------+------------+------------+------+----------+------+-----------+-----------------+
2 rows in set (0.000 sec)

MariaDB [dbpos_sib6]> SELECT * FROM pelanggan ORDER BY tanggal_lahir ASC LIMIT 1;
ERROR 1054 (42S22): Unknown column 'tanggal_lahir' in 'order clause'
MariaDB [dbpos_sib6]> SELECT * FROM pelanggan ORDER BY nama ASC LIMIT 1;
+----+------+--------------------+----+-----------+------------+------------------+----------+
| id | kode | nama               | jk | tmp_lahir | tgl_lahir  | email            | kartu_id |
+----+------+--------------------+----+-----------+------------+------------------+----------+
|  1 | C001 | Agung Sedayu Group | L  | Solo      | 2010-01-01 | sedayu@gmail.com |        1 |
+----+------+--------------------+----+-----------+------------+------------------+----------+
1 row in set (0.005 sec)

MariaDB [dbpos_sib6]> SELECT * FROM pelanggan ORDER BY nama DESC LIMIT 1;
+----+------+---------------+----+-----------+------------+--------------------+----------+
| id | kode | nama          | jk | tmp_lahir | tgl_lahir  | email              | kartu_id |
+----+------+---------------+----+-----------+------------+--------------------+----------+
|  4 | C004 | Swandaru Geni | L  | Kediri    | 1981-01-04 | swandaru@yahoo.com |        4 |
+----+------+---------------+----+-----------+------------+--------------------+----------+
1 row in set (0.000 sec)